../Drivers/CMSIS/Include/core_cm4.h:1933:34:__NVIC_SystemReset	4	static,ignoring_inline_asm
../LoRaWAN/App/lora_at.c:179:12:AT_return_ok	16	static
../LoRaWAN/App/lora_at.c:183:12:AT_return_error	16	static
../LoRaWAN/App/lora_at.c:188:6:AT_event_join	16	static
../LoRaWAN/App/lora_at.c:202:6:AT_event_receive	80	static
../LoRaWAN/App/lora_at.c:246:6:AT_event_confirm	16	static
../LoRaWAN/App/lora_at.c:259:6:AT_event_ClassUpdate	24	static
../LoRaWAN/App/lora_at.c:269:6:AT_event_Beacon	96	static
../LoRaWAN/App/lora_at.c:306:6:AT_event_OnNvmDataChange	16	static
../LoRaWAN/App/lora_at.c:314:6:AT_event_OnStoreContextRequest	16	static
../LoRaWAN/App/lora_at.c:322:6:AT_event_OnRestoreContextRequest	16	static
../LoRaWAN/App/lora_at.c:327:12:AT_version_get	40	static
../LoRaWAN/App/lora_at.c:368:12:AT_verbose_get	16	static
../LoRaWAN/App/lora_at.c:379:12:AT_verbose_set	24	static
../LoRaWAN/App/lora_at.c:405:12:AT_LocalTime_get	96	static
../LoRaWAN/App/lora_at.c:427:12:AT_reset	16	static
../LoRaWAN/App/lora_at.c:438:12:AT_restore_factory_settings	16	static
../LoRaWAN/App/lora_at.c:455:12:AT_store_context	24	static
../LoRaWAN/App/lora_at.c:476:12:AT_JoinEUI_get	24	static
../LoRaWAN/App/lora_at.c:492:12:AT_JoinEUI_set	48	static
../LoRaWAN/App/lora_at.c:513:12:AT_NwkKey_get	32	static
../LoRaWAN/App/lora_at.c:529:12:AT_NwkKey_set	32	static
../LoRaWAN/App/lora_at.c:548:12:AT_AppKey_get	32	static
../LoRaWAN/App/lora_at.c:564:12:AT_AppKey_set	32	static
../LoRaWAN/App/lora_at.c:583:12:AT_NwkSKey_get	32	static
../LoRaWAN/App/lora_at.c:599:12:AT_NwkSKey_set	32	static
../LoRaWAN/App/lora_at.c:618:12:AT_AppSKey_get	32	static
../LoRaWAN/App/lora_at.c:634:12:AT_AppSKey_set	32	static
../LoRaWAN/App/lora_at.c:653:12:AT_DevAddr_get	24	static
../LoRaWAN/App/lora_at.c:669:12:AT_DevAddr_set	24	static
../LoRaWAN/App/lora_at.c:688:12:AT_DevEUI_get	24	static
../LoRaWAN/App/lora_at.c:704:12:AT_DevEUI_set	48	static
../LoRaWAN/App/lora_at.c:725:12:AT_NetworkID_get	24	static
../LoRaWAN/App/lora_at.c:741:12:AT_NetworkID_set	24	static
../LoRaWAN/App/lora_at.c:762:12:AT_Join	16	static
../LoRaWAN/App/lora_at.c:783:12:AT_Link_Check	16	static
../LoRaWAN/App/lora_at.c:797:12:AT_Send	40	static
../LoRaWAN/App/lora_at.c:908:12:AT_ADR_get	24	static
../LoRaWAN/App/lora_at.c:924:12:AT_ADR_set	16	static
../LoRaWAN/App/lora_at.c:943:12:AT_DataRate_get	24	static
../LoRaWAN/App/lora_at.c:959:12:AT_DataRate_set	24	static
../LoRaWAN/App/lora_at.c:982:12:AT_Region_get	80	static
../LoRaWAN/App/lora_at.c:1004:12:AT_Region_set	24	static
../LoRaWAN/App/lora_at.c:1026:12:AT_DeviceClass_get	32	static
../LoRaWAN/App/lora_at.c:1072:12:AT_DeviceClass_set	24	static
../LoRaWAN/App/lora_at.c:1116:12:AT_DutyCycle_get	24	static
../LoRaWAN/App/lora_at.c:1133:12:AT_DutyCycle_set	16	static
../LoRaWAN/App/lora_at.c:1152:12:AT_JoinAcceptDelay1_get	24	static
../LoRaWAN/App/lora_at.c:1168:12:AT_JoinAcceptDelay1_set	24	static
../LoRaWAN/App/lora_at.c:1185:12:AT_JoinAcceptDelay2_get	24	static
../LoRaWAN/App/lora_at.c:1201:12:AT_JoinAcceptDelay2_set	24	static
../LoRaWAN/App/lora_at.c:1218:12:AT_Rx1Delay_get	24	static
../LoRaWAN/App/lora_at.c:1234:12:AT_Rx1Delay_set	24	static
../LoRaWAN/App/lora_at.c:1251:12:AT_Rx2Delay_get	24	static
../LoRaWAN/App/lora_at.c:1267:12:AT_Rx2Delay_set	24	static
../LoRaWAN/App/lora_at.c:1284:12:AT_Rx2DataRate_get	24	static
../LoRaWAN/App/lora_at.c:1297:12:AT_Rx2DataRate_set	24	static
../LoRaWAN/App/lora_at.c:1321:12:AT_Rx2Frequency_get	24	static
../LoRaWAN/App/lora_at.c:1334:12:AT_Rx2Frequency_set	24	static
../LoRaWAN/App/lora_at.c:1356:12:AT_TransmitPower_get	24	static
../LoRaWAN/App/lora_at.c:1372:12:AT_TransmitPower_set	24	static
../LoRaWAN/App/lora_at.c:1391:12:AT_PingSlot_get	24	static
../LoRaWAN/App/lora_at.c:1408:12:AT_PingSlot_set	24	static
../LoRaWAN/App/lora_at.c:1430:12:AT_test_txTone	16	static
../LoRaWAN/App/lora_at.c:1444:12:AT_test_rxRssi	16	static
../LoRaWAN/App/lora_at.c:1458:12:AT_test_get_config	112	static
../LoRaWAN/App/lora_at.c:1514:12:AT_test_set_config	168	static
../LoRaWAN/App/lora_at.c:1682:12:AT_test_tx	24	static
../LoRaWAN/App/lora_at.c:1704:12:AT_test_rx	24	static
../LoRaWAN/App/lora_at.c:1726:12:AT_test_tx_hopping	112	static
../LoRaWAN/App/lora_at.c:1783:12:AT_test_stop	16	static
../LoRaWAN/App/lora_at.c:1796:12:AT_write_register	24	static
../LoRaWAN/App/lora_at.c:1824:12:AT_read_register	32	static
../LoRaWAN/App/lora_at.c:1851:12:AT_Certif	24	static
../LoRaWAN/App/lora_at.c:1878:12:AT_bat_get	16	static
../LoRaWAN/App/lora_at.c:1893:12:AT_lora_disconnect	16	static
../LoRaWAN/App/lora_at.c:1904:12:AT_module_status_get	16	static
../LoRaWAN/App/lora_at.c:1930:13:OnJoinTimerEvent1	16	static
../LoRaWAN/App/lora_at.c:1934:13:OnJoinTimerEvent2	16	static
../LoRaWAN/App/lora_at.c:1939:13:OnJoinTimerEvent3	16	static
../LoRaWAN/App/lora_at.c:1943:13:OnJoinTimerEvent4	16	static
../LoRaWAN/App/lora_at.c:1948:12:AT_timer_config	32	static
../LoRaWAN/App/lora_at.c:1987:12:AT_timer_start	24	static
../LoRaWAN/App/lora_at.c:2045:12:AT_timer_stop	24	static
../LoRaWAN/App/lora_at.c:2102:12:AT_get_temp	32	static
../LoRaWAN/App/lora_at.c:2110:12:AT_I2C_scan_run	32	static
../LoRaWAN/App/lora_at.c:2144:12:AT_I2C_get	32	static
../LoRaWAN/App/lora_at.c:2185:12:AT_I2C_get_with_length	296	static
../LoRaWAN/App/lora_at.c:2235:12:AT_I2C_set	40	static
../LoRaWAN/App/lora_at.c:2265:12:AT_I2C_set_with_length	264	static
../LoRaWAN/App/lora_at.c:2328:12:AT_desk_id_set	24	static
../LoRaWAN/App/lora_at.c:2338:12:AT_desk_id_get	24	static
../LoRaWAN/App/lora_at.c:2347:13:OnJoinTempEvent	16	static
../LoRaWAN/App/lora_at.c:2354:12:AT_temp_value_send	32	static
../LoRaWAN/App/lora_at.c:2387:16:sscanf_uint32_as_hhx	24	static
../LoRaWAN/App/lora_at.c:2399:16:sscanf_16_hhx	120	static
../LoRaWAN/App/lora_at.c:2413:13:print_uint32_as_02x	32	static
../LoRaWAN/App/lora_at.c:2427:13:print_16_02x	128	static
../LoRaWAN/App/lora_at.c:2440:13:print_8_02x	64	static
../LoRaWAN/App/lora_at.c:2451:13:print_d	24	static
../LoRaWAN/App/lora_at.c:2461:13:print_u	24	static
../LoRaWAN/App/lora_at.c:2471:13:OnCertifTimer	16	static
../LoRaWAN/App/lora_at.c:2481:13:CertifSend	8	static
../LoRaWAN/App/lora_at.c:2496:16:Char2Nibble	16	static
../LoRaWAN/App/lora_at.c:2511:16:stringToData	40	static
../LoRaWAN/App/lora_at.c:2541:16:isHex	16	static
