../LoRaWAN/App/lora_app.c:200:6:LoRaWAN_Init	8	static
../LoRaWAN/App/lora_app.c:240:13:OnRxData	80	static
../LoRaWAN/App/lora_app.c:312:13:OnTxData	16	static
../LoRaWAN/App/lora_app.c:317:13:OnJoinRequest	16	static
../LoRaWAN/App/lora_app.c:330:13:OnBeaconStatusChange	16	static
../LoRaWAN/App/lora_app.c:335:13:OnSysTimeUpdate	4	static
../LoRaWAN/App/lora_app.c:341:13:OnClassChange	16	static
../LoRaWAN/App/lora_app.c:346:13:CmdProcessNotify	8	static
../LoRaWAN/App/lora_app.c:356:13:OnMacProcessNotify	8	static
../LoRaWAN/App/lora_app.c:367:13:OnTxPeriodicityChanged	16	static
../LoRaWAN/App/lora_app.c:373:13:OnTxFrameCtrlChanged	16	static
../LoRaWAN/App/lora_app.c:379:13:OnPingSlotPeriodicityChanged	16	static
../LoRaWAN/App/lora_app.c:389:13:OnSystemReset	4	static
../LoRaWAN/App/lora_app.c:395:13:OnNvmDataChange	16	static
../LoRaWAN/App/lora_app.c:405:13:OnStoreContextRequest	16	static
../LoRaWAN/App/lora_app.c:415:13:OnRestoreContextRequest	16	static
