../LoRaWAN/App/test_rf.c:140:9:TST_TxTone	8	static
../LoRaWAN/App/test_rf.c:164:9:TST_RxRssi	96	static
../LoRaWAN/App/test_rf.c:225:10:TST_set_config	16	static
../LoRaWAN/App/test_rf.c:238:9:TST_get_config	16	static
../LoRaWAN/App/test_rf.c:250:9:TST_stop	8	static
../LoRaWAN/App/test_rf.c:266:9:TST_TX_Start	80	static
../LoRaWAN/App/test_rf.c:392:9:TST_RX_Start	128	static
../LoRaWAN/App/test_rf.c:535:6:OnTxDone	8	static
../LoRaWAN/App/test_rf.c:548:6:OnRxDone	24	static
../LoRaWAN/App/test_rf.c:564:6:OnTxTimeout	8	static
../LoRaWAN/App/test_rf.c:577:6:OnRxTimeout	8	static
../LoRaWAN/App/test_rf.c:590:6:OnRxError	8	static
../LoRaWAN/App/test_rf.c:603:16:Prbs9_generator	32	static
